<?xml version="1.0" encoding="utf-8"?><testsuites><testsuite name="pytest" errors="0" failures="0" skipped="0" tests="3" time="0.074" timestamp="2025-03-06T13:11:12.447227+05:30" hostname="CHN-LAP-PNITHYA"><testcase classname="tests.test_main" name="test_add_function" time="0.002" /><testcase classname="tests.test_main" name="test_subtarct_function" time="0.001" /><testcase classname="tests.test_personal_details" name="test_address" time="0.001" /></testsuite></testsuites>